// Jest Snapshot v1, https://goo.gl/fbAQLP

exports[`Test in <MultipleCustomHooks/> should show the component succesfully 1`] = `
<div>
  <h1>
    BreakingBad Quotes
  </h1>
  <hr />
  <div
    className="alert alert-info text-center"
  >
    Loading............
  </div>
  <button
    className="btn btn-primary"
    onClick={[Function]}
  >
     Add next Quote 
  </button>
</div>
`;
