// Jest Snapshot v1, https://goo.gl/fbAQLP

exports[`Test in <GifGrid/> should show the component succesfully 1`] = `
<Fragment>
  <h3
    className="animate__animated animate__bounce"
  >
    naruto
  </h3>
  <p
    className="animate__animated animate__flash"
  >
    Loading
  </p>
  <div
    className="card-grid"
  >
    <ol />
  </div>
</Fragment>
`;
