// Jest Snapshot v1, https://goo.gl/fbAQLP

exports[`Test sobre GifGridItem should show the component 1`] = `
<div
  className="card animate__animated animate__bounce"
>
  <img
    alt="naruto"
    src="https://localhost/algo.jpg"
  />
  <p>
    naruto
  </p>
</div>
`;
