// Jest Snapshot v1, https://goo.gl/fbAQLP

exports[`Test in <TodoApp/> should show the component succesfully 1`] = `
<div>
  <h1>
    TodoApp (
    0
    )
  </h1>
  <hr />
  <div
    className="row"
  >
    <div
      className="col-7"
    >
      <Memo()
        handleDeleteTodo={[Function]}
        handleToggleTodo={[Function]}
        todos={Array []}
      />
    </div>
    <div
      className="col-5"
    >
      <h4>
        Add Todo
      </h4>
      <hr />
      <TodoAdd
        handleAddTodo={[Function]}
      />
    </div>
  </div>
</div>
`;
