// Jest Snapshot v1, https://goo.gl/fbAQLP

exports[`Test un <RealExampleRef/> should show the component succesfully 1`] = `
<Fragment>
  <h1>
    Real Example
  </h1>
  <hr />
  <button
    className="btn btn-primary mt-5"
    onClick={[Function]}
  >
    Hide/Show
  </button>
</Fragment>
`;
