// Jest Snapshot v1, https://goo.gl/fbAQLP

exports[`Test in <LoginScreen/> should show the component successfully 1`] = `
<div>
  <h1>
    Login Screen
  </h1>
  <button
    className="btn btn-primary"
    onClick={[Function]}
  >
    Login
  </button>
  <hr />
</div>
`;
