// Jest Snapshot v1, https://goo.gl/fbAQLP

exports[`Test sobre el componente HookApp should show the component succesfully 1`] = `
<Fragment>
  <h1>
    Hola mundo
  </h1>
</Fragment>
`;
